// Jest Snapshot v1, https://goo.gl/fbAQLP

exports[`Meals renders correctly 1`] = `
<div
  className="meals-container"
>
  <div
    className="search-box"
  >
    <input
      onChange={[Function]}
      placeholder="Search meals.."
      type="text"
      value=""
    />
  </div>
</div>
`;
