// Jest Snapshot v1, https://goo.gl/fbAQLP

exports[`SearchBox renders correctly 1`] = `
<div
  className="search-box"
>
  <input
    onChange={[Function]}
    placeholder="Search meals.."
    type="text"
    value=""
  />
</div>
`;
